// Jest Snapshot v1, https://goo.gl/fbAQLP

exports[`Summary does not render without a summary 1`] = `null`;

exports[`Summary renders correctly 1`] = `
<div
  className="sc-AxjAm sc-AxhCb eGofQz"
>
  <div
    className="sc-AxjAm fIbOII"
  >
    <h2
      className="sc-AxirZ eLkLUc"
      color="primary"
      fontSize={2}
    >
      About
    </h2>
  </div>
  <div
    className="sc-AxjAm jBohcl"
  >
    <div
      className="sc-AxjAm eZUTlP"
    >
      <p
        className="sc-AxirZ inzaax"
        fontSize={0}
      >
        Test
      </p>
    </div>
  </div>
</div>
`;
