// Jest Snapshot v1, https://goo.gl/fbAQLP

exports[`List renders correctly 1`] = `
<ul
  className="sc-AxjAm jKDKBO"
>
  <li
    className="sc-AxirZ imAMYR"
    fontSize={0}
  >
    a
  </li>
  <li
    className="sc-AxirZ imAMYR"
    fontSize={0}
  >
    b
  </li>
  <li
    className="sc-AxirZ imAMYR"
    fontSize={0}
  >
    c
  </li>
</ul>
`;
